// Vitest Snapshot v1, https://vitest.dev/guide/snapshot.html

exports[`test db cleaner > data should be set up correctly 1`] = `
[
  {
    "id": "feed-id-1",
  },
  {
    "id": "feed-id-2",
  },
  {
    "id": "feed-id-3",
  },
  {
    "id": "feed-id-4",
  },
  {
    "id": "feed-id-5",
  },
]
`;

exports[`test db cleaner > data should be set up correctly 2`] = `
[
  {
    "feedId": "feed-id-1",
    "id": "entry-id-1",
  },
  {
    "feedId": "feed-id-2",
    "id": "entry-id-2",
  },
  {
    "feedId": "feed-id-3",
    "id": "entry-id-3",
  },
  {
    "feedId": "feed-id-4",
    "id": "entry-id-4",
  },
  {
    "feedId": "feed-id-5",
    "id": "entry-id-5",
  },
  {
    "feedId": "feed-id-1",
    "id": "entry-id-6",
  },
]
`;

exports[`test db cleaner > data should be set up correctly 3`] = `
[
  {
    "feedId": "feed-id-1",
    "id": "test-user-id-1/feed-id-1",
    "userId": "test-user-id-1",
  },
  {
    "feedId": "feed-id-3",
    "id": "test-user-id-1/feed-id-3",
    "userId": "test-user-id-1",
  },
  {
    "feedId": "feed-id-4",
    "id": "test-user-id-2/feed-id-4",
    "userId": "test-user-id-2",
  },
  {
    "feedId": "feed-id-5",
    "id": "test-user-id-3/feed-id-5",
    "userId": "test-user-id-3",
  },
  {
    "feedId": "feed-id-1",
    "id": "test-user-id/feed-id-1",
    "userId": "test-user-id",
  },
  {
    "feedId": "feed-id-2",
    "id": "test-user-id/feed-id-2",
    "userId": "test-user-id",
  },
]
`;
